../Drivers/CMSIS/Include/core_cm4.h:1724:22:__NVIC_DisableIRQ	16	static,ignoring_inline_asm
../Core/Src/main.c:103:5:main	16	static
../Core/Src/main.c:178:6:SystemClock_Config	88	static
../Core/Src/main.c:232:13:MX_ADC1_Init	56	static
../Core/Src/main.c:317:13:MX_ADC2_Init	24	static
../Core/Src/main.c:369:13:MX_TIM1_Init	96	static
../Core/Src/main.c:443:13:MX_TIM2_Init	64	static
../Core/Src/main.c:502:13:MX_TIM3_Init	64	static
../Core/Src/main.c:565:13:MX_TIM4_Init	48	static
../Core/Src/main.c:627:13:MX_TIM5_Init	32	static
../Core/Src/main.c:672:13:MX_TIM8_Init	56	static
../Core/Src/main.c:722:13:MX_UART5_Init	8	static
../Core/Src/main.c:755:13:MX_USART1_UART_Init	8	static
../Core/Src/main.c:788:13:MX_USART2_UART_Init	8	static
../Core/Src/main.c:821:13:MX_USART3_UART_Init	8	static
../Core/Src/main.c:852:13:MX_DMA_Init	16	static
../Core/Src/main.c:870:13:MX_GPIO_Init	48	static
../Core/Src/main.c:948:6:HAL_GPIO_EXTI_Callback	16	static
../Core/Src/main.c:963:6:HAL_UART_RxCpltCallback	16	static
../Core/Src/main.c:975:6:Error_Handler	4	static,ignoring_inline_asm
