../Core/Src/main.c:98:5:main	16	static
../Core/Src/main.c:164:6:SystemClock_Config	88	static
../Core/Src/main.c:218:13:MX_ADC1_Init	24	static
../Core/Src/main.c:270:13:MX_ADC2_Init	24	static
../Core/Src/main.c:322:13:MX_TIM1_Init	80	static
../Core/Src/main.c:386:13:MX_TIM2_Init	64	static
../Core/Src/main.c:445:13:MX_TIM3_Init	48	static
../Core/Src/main.c:498:13:MX_TIM4_Init	48	static
../Core/Src/main.c:560:13:MX_TIM5_Init	32	static
../Core/Src/main.c:605:13:MX_TIM8_Init	56	static
../Core/Src/main.c:655:13:MX_UART5_Init	8	static
../Core/Src/main.c:688:13:MX_USART1_UART_Init	8	static
../Core/Src/main.c:721:13:MX_USART2_UART_Init	8	static
../Core/Src/main.c:754:13:MX_USART3_UART_Init	8	static
../Core/Src/main.c:785:13:MX_DMA_Init	16	static
../Core/Src/main.c:803:13:MX_GPIO_Init	48	static
../Core/Src/main.c:869:6:HAL_TIM_IC_CaptureCallback	16	static
../Core/Src/main.c:871:6:Basic_Init	8	static
../Core/Src/main.c:888:6:Error_Handler	4	static,ignoring_inline_asm
