../Core/Src/stm32f4xx_it.c:73:6:NMI_Handler	4	static
../Core/Src/stm32f4xx_it.c:88:6:HardFault_Handler	8	static
../Core/Src/stm32f4xx_it.c:109:6:MemManage_Handler	4	static
../Core/Src/stm32f4xx_it.c:124:6:BusFault_Handler	4	static
../Core/Src/stm32f4xx_it.c:139:6:UsageFault_Handler	4	static
../Core/Src/stm32f4xx_it.c:154:6:SVC_Handler	4	static
../Core/Src/stm32f4xx_it.c:167:6:DebugMon_Handler	4	static
../Core/Src/stm32f4xx_it.c:180:6:PendSV_Handler	4	static
../Core/Src/stm32f4xx_it.c:193:6:SysTick_Handler	8	static
../Core/Src/stm32f4xx_it.c:214:6:TIM2_IRQHandler	8	static
../Core/Src/stm32f4xx_it.c:228:6:USART1_IRQHandler	8	static
../Core/Src/stm32f4xx_it.c:242:6:USART3_IRQHandler	8	static
../Core/Src/stm32f4xx_it.c:256:6:EXTI15_10_IRQHandler	8	static
../Core/Src/stm32f4xx_it.c:270:6:DMA1_Stream7_IRQHandler	8	static
